[0523/171038.156:INFO:CONSOLE:237] "Event handler of 'x-storagemutated-1' event must be added on the initial evaluation of worker script.", source: https://static.whatsapp.net/rsrc.php/v4/y2/r/EDAsC9eHUgS.js (237)
[0523/171044.059:INFO:CONSOLE:79] "ErrorUtils caught an error:

[storage] storage bucket persistence denied (aquire-persistent-storage-denied)

Subsequent non-fatal errors won't be logged; see https://fburl.com/debugjs. [object Object]", source: https://static.whatsapp.net/rsrc.php/v4/ym/r/t_lX-67hSLT.js (79)
[0523/171047.416:INFO:CONSOLE:0] "[GroupMarkerNotSet(crbug.com/242999)!:A00067004C470000]Automatic fallback to software WebGL has been deprecated. Please use the --enable-unsafe-swiftshader flag to opt in to lower security guarantees for trusted content.", source: https://web.whatsapp.com/ (0)
[0523/171047.417:INFO:CONSOLE:0] "[GroupMarkerNotSet(crbug.com/242999)!:A03067004C470000]Automatic fallback to software WebGL has been deprecated. Please use the --enable-unsafe-swiftshader flag to opt in to lower security guarantees for trusted content.", source: https://web.whatsapp.com/ (0)
[0523/171047.417:INFO:CONSOLE:0] "[.WebGL-0x632401815c00]GL Driver Message (OpenGL, Performance, GL_CLOSE_PATH_NV, High): GPU stall due to ReadPixels", source: https://web.whatsapp.com/ (0)
[0523/171047.700:INFO:CONSOLE:63] "The PerformanceObserver does not support buffered flag with the entryTypes argument.", source: https://static.whatsapp.net/rsrc.php/v4/yH/r/fgfkcEYUDzwFjluiEILWtlRmezoi1NCGy0E6cBLyx6_bNh0czHE31lyvZ8vvFEYjcVi4LayP_ogKiyyTHolmqGySPEhKoCoB3QVDLW_Uqry6zXe0qnL2dG90H8rID-arHmHsD3sMMaP-mao.js (63)
[0523/171050.733:INFO:CONSOLE:237] "Event handler of 'x-storagemutated-1' event must be added on the initial evaluation of worker script.", source: https://static.whatsapp.net/rsrc.php/v4/y2/r/EDAsC9eHUgS.js (237)
[0523/171102.582:INFO:CONSOLE:0] "[GroupMarkerNotSet(crbug.com/242999)!:A03067004C470000]Automatic fallback to software WebGL has been deprecated. Please use the --enable-unsafe-swiftshader flag to opt in to lower security guarantees for trusted content.", source: https://web.whatsapp.com/ (0)
[0523/171102.582:INFO:CONSOLE:0] "[GroupMarkerNotSet(crbug.com/242999)!:A00067004C470000]Automatic fallback to software WebGL has been deprecated. Please use the --enable-unsafe-swiftshader flag to opt in to lower security guarantees for trusted content.", source: https://web.whatsapp.com/ (0)
[0523/171102.582:INFO:CONSOLE:0] "[.WebGL-0x6324070c3f00]GL Driver Message (OpenGL, Performance, GL_CLOSE_PATH_NV, High): GPU stall due to ReadPixels", source: https://web.whatsapp.com/ (0)
[0523/171112.610:INFO:CONSOLE:1] "Refused to load the image 'https://static.whatsapp.net/rsrc.php/yd/r/PfkSLByWV8O.webp' because it violates the following Content Security Policy directive: "img-src 'self' blob:".
", source: https://webtp.whatsapp.net/pdf-viewer/?locale=en_GB (1)
[0523/171112.612:INFO:CONSOLE:1] "Refused to load the image 'https://static.whatsapp.net/rsrc.php/yI/r/EoOh62-jiPS.webp' because it violates the following Content Security Policy directive: "img-src 'self' blob:".
", source: https://webtp.whatsapp.net/pdf-viewer/?locale=en_GB (1)
[0523/171114.225:INFO:CONSOLE:241] "Permissions policy violation: unload is not allowed in this document.", source: https://static.whatsapp.net/rsrc.php/v4/ym/r/t_lX-67hSLT.js (241)
[0523/171122.870:INFO:CONSOLE:79] "ErrorUtils caught an error:

[storage] storage bucket persistence denied (aquire-persistent-storage-denied)

Subsequent non-fatal errors won't be logged; see https://fburl.com/debugjs. [object Object]", source: https://static.whatsapp.net/rsrc.php/v4/ym/r/t_lX-67hSLT.js (79)
[0523/171125.560:INFO:CONSOLE:0] "[GroupMarkerNotSet(crbug.com/242999)!:A00067004C470000]Automatic fallback to software WebGL has been deprecated. Please use the --enable-unsafe-swiftshader flag to opt in to lower security guarantees for trusted content.", source: https://web.whatsapp.com/send?phone=+918667439178&text=heyy%20%0Ahi%0Ahhh (0)
[0523/171125.561:INFO:CONSOLE:0] "[GroupMarkerNotSet(crbug.com/242999)!:A03067004C470000]Automatic fallback to software WebGL has been deprecated. Please use the --enable-unsafe-swiftshader flag to opt in to lower security guarantees for trusted content.", source: https://web.whatsapp.com/send?phone=+918667439178&text=heyy%20%0Ahi%0Ahhh (0)
[0523/171125.561:INFO:CONSOLE:0] "[.WebGL-0x632401814e00]GL Driver Message (OpenGL, Performance, GL_CLOSE_PATH_NV, High): GPU stall due to ReadPixels", source: https://web.whatsapp.com/send?phone=+918667439178&text=heyy%20%0Ahi%0Ahhh (0)
[0523/171125.754:INFO:CONSOLE:63] "The PerformanceObserver does not support buffered flag with the entryTypes argument.", source: https://static.whatsapp.net/rsrc.php/v4/yH/r/fgfkcEYUDzwFjluiEILWtlRmezoi1NCGy0E6cBLyx6_bNh0czHE31lyvZ8vvFEYjcVi4LayP_ogKiyyTHolmqGySPEhKoCoB3QVDLW_Uqry6zXe0qnL2dG90H8rID-arHmHsD3sMMaP-mao.js (63)
[0523/171147.103:INFO:CONSOLE:0] "[GroupMarkerNotSet(crbug.com/242999)!:A06067004C470000]Automatic fallback to software WebGL has been deprecated. Please use the --enable-unsafe-swiftshader flag to opt in to lower security guarantees for trusted content.", source: https://web.whatsapp.com/ (0)
[0523/171147.104:INFO:CONSOLE:0] "[GroupMarkerNotSet(crbug.com/242999)!:A09067004C470000]Automatic fallback to software WebGL has been deprecated. Please use the --enable-unsafe-swiftshader flag to opt in to lower security guarantees for trusted content.", source: https://web.whatsapp.com/ (0)
[0523/171147.104:INFO:CONSOLE:0] "[.WebGL-0x63240d285400]GL Driver Message (OpenGL, Performance, GL_CLOSE_PATH_NV, High): GPU stall due to ReadPixels (this message will no longer repeat)", source: https://web.whatsapp.com/ (0)
[0523/171158.935:INFO:CONSOLE:1] "Refused to load the image 'https://static.whatsapp.net/rsrc.php/yd/r/PfkSLByWV8O.webp' because it violates the following Content Security Policy directive: "img-src 'self' blob:".
", source: https://webtp.whatsapp.net/pdf-viewer/?locale=en_GB (1)
[0523/171158.937:INFO:CONSOLE:1] "Refused to load the image 'https://static.whatsapp.net/rsrc.php/yI/r/EoOh62-jiPS.webp' because it violates the following Content Security Policy directive: "img-src 'self' blob:".
", source: https://webtp.whatsapp.net/pdf-viewer/?locale=en_GB (1)
[0523/171159.684:INFO:CONSOLE:241] "Permissions policy violation: unload is not allowed in this document.", source: https://static.whatsapp.net/rsrc.php/v4/ym/r/t_lX-67hSLT.js (241)
[0523/171206.893:INFO:CONSOLE:0] "Access to fetch at 'https://dit.whatsapp.net/deidentified_telemetry' from origin 'https://web.whatsapp.com' has been blocked by CORS policy: No 'Access-Control-Allow-Origin' header is present on the requested resource.", source: https://web.whatsapp.com/ (0)
[0523/171207.574:INFO:CONSOLE:0] "Access to fetch at 'https://dit.whatsapp.net/deidentified_telemetry' from origin 'https://web.whatsapp.com' has been blocked by CORS policy: No 'Access-Control-Allow-Origin' header is present on the requested resource.", source: https://web.whatsapp.com/ (0)
[0523/171208.714:INFO:CONSOLE:0] "Access to fetch at 'https://dit.whatsapp.net/deidentified_telemetry' from origin 'https://web.whatsapp.com' has been blocked by CORS policy: No 'Access-Control-Allow-Origin' header is present on the requested resource.", source: https://web.whatsapp.com/ (0)
[0523/171210.309:INFO:CONSOLE:0] "Access to fetch at 'https://dit.whatsapp.net/deidentified_telemetry' from origin 'https://web.whatsapp.com' has been blocked by CORS policy: No 'Access-Control-Allow-Origin' header is present on the requested resource.", source: https://web.whatsapp.com/ (0)
